Godot Engine v4.5.rc.double.custom_build - https://godotengine.org
Vulkan 1.3.280 - Forward+ - Using Device #0: NVIDIA - NVIDIA GeForce RTX 4090


============================================================
VMD MOTION SYSTEM UNIT TESTS
============================================================
Running comprehensive tests for VMD animation components...
Test scene: VMDTestRunner.tscn
Time:2025-09-20T18:58:55


--- Testing VMDReader ---
Γ£ô VMDReader tests completed

--- Testing PoseApplier ---
Γ£ô PoseApplier tests completed

--- Testing Motion Class ---
godot.exe : SCRIPT ERROR: Invalid access to property or key 'X' on a base object of 
type 'Nil'.
At line:1 char:1
+ godot.exe --path . --scene addons/vmd_motion/test/VMDTestRunner.tscn  ...
+ ~~~~~~~~~~~~~~~~~~~~~~~~~~~~~~~~~~~~~~~~~~~~~~~~~~~~~~~~~~~~~~~~~~~~~
    + CategoryInfo          : NotSpecified: (SCRIPT ERROR: I... of type 'Nil'.:Stri 
   ng) [], RemoteException
    + FullyQualifiedErrorId : NativeCommandError
 
   at: BoneCurve.sample (res://addons/vmd_motion/common/Motion.gd:38)
   GDScript backtrace (most recent call first):
       [0] sample (res://addons/vmd_motion/common/Motion.gd:38)
       [1] test_motion_class (res://addons/vmd_motion/test/VMDTests.gd:157)
       [2] run_all_tests (res://addons/vmd_motion/test/VMDTests.gd:41)
       [3] _ready (res://addons/vmd_motion/test/VMDTests.gd:29)
SCRIPT ERROR: Assertion failed: Should sample head bone at frame 0
   at: test_motion_class (res://addons/vmd_motion/test/VMDTests.gd:158)
   GDScript backtrace (most recent call first):
       [0] test_motion_class (res://addons/vmd_motion/test/VMDTests.gd:158)
       [1] run_all_tests (res://addons/vmd_motion/test/VMDTests.gd:41)
       [2] _ready (res://addons/vmd_motion/test/VMDTests.gd:29)

--- Testing VMDSkeleton ---
ERROR: Error constructing a GDScriptInstance: 'RefCounted(Skeleton.gd)::_init': 
Cannot convert argument 1 from Object to Object
   at: _create_instance (modules/gdscript/gdscript.cpp:201)
   GDScript backtrace (most recent call first):
       [0] test_vmd_skeleton (res://addons/vmd_motion/test/VMDTests.gd:183)
       [1] run_all_tests (res://addons/vmd_motion/test/VMDTests.gd:42)
       [2] _ready (res://addons/vmd_motion/test/VMDTests.gd:29)
SCRIPT ERROR: Invalid type in function 'new' in base 'GDScript'. The Object-derived 
class of argument 1 (Node3D) is not a subclass of the expected argument class.
   at: test_vmd_skeleton (res://addons/vmd_motion/test/VMDTests.gd:183)
   GDScript backtrace (most recent call first):
       [0] test_vmd_skeleton (res://addons/vmd_motion/test/VMDTests.gd:183)
       [1] run_all_tests (res://addons/vmd_motion/test/VMDTests.gd:42)
       [2] _ready (res://addons/vmd_motion/test/VMDTests.gd:29)

--- Testing VMDSkeletonModifier3D ---
DEBUG: Head bone found in VMD with 1 keyframes

=== VMD Animation Data Summary ===
Total frames: 0
Bones with animation data:
  - Θá¡ (1 keyframes)
===================================

Γ£ô VMDSkeletonModifier3D tests completed

--- Testing Full Integration ---
ERROR: Can't add child 'GeneralSkeleton' to '', already has a parent ''.
   at: add_child (scene/main/node.cpp:1685)
   GDScript backtrace (most recent call first):
       [0] test_integration (res://addons/vmd_motion/test/VMDTests.gd:260)
       [1] run_all_tests (res://addons/vmd_motion/test/VMDTests.gd:44)
       [2] _ready (res://addons/vmd_motion/test/VMDTests.gd:29)
DEBUG: Head bone found in VMD with 1 keyframes

=== VMD Animation Data Summary ===
Total frames: 0
Bones with animation data:
  - Θá¡ (1 keyframes)
===================================

Γ£ô Integration tests completed

--- Testing Error Handling ---
ERROR: Failed to open VMD file: nonexistent.vmd
   at: push_error (core/variant/variant_utility.cpp:1024)
   GDScript backtrace (most recent call first):
       [0] load_file (res://addons/vmd_motion/common/VMDReader.gd:9)
       [1] test_error_handling (res://addons/vmd_motion/test/VMDTests.gd:284)
       [2] run_all_tests (res://addons/vmd_motion/test/VMDTests.gd:45)
       [3] _ready (res://addons/vmd_motion/test/VMDTests.gd:29)
ERROR: Invalid bone index: 999
   at: push_error (core/variant/variant_utility.cpp:1024)
   GDScript backtrace (most recent call first):
       [0] apply_bone_pose (res://addons/vmd_motion/common/PoseApplier.gd:8)
       [1] test_error_handling (res://addons/vmd_motion/test/VMDTests.gd:290)
       [2] run_all_tests (res://addons/vmd_motion/test/VMDTests.gd:45)
       [3] _ready (res://addons/vmd_motion/test/VMDTests.gd:29)
Γ£ô Error handling tests completed

==================================================
TEST SUMMARY
==================================================
Γ£ô VMDReader.create_test_data
Γ£ô VMDReader.test_data_has_keyframes
Γ£ô VMDReader.head_keyframe_name
Γ£ô VMDReader.find_head_keyframes
Γ£ô VMDReader.max_frame_calculation
Γ£ô PoseApplier.create_test_skeleton
Γ£ô PoseApplier.apply_position
Γ£ô PoseApplier.apply_rotation
Γ£ô PoseApplier.validate_pose
Γ£ô PoseApplier.reset_pose
Γ£ô Motion.creation
Γ£ô Motion.load_from_vmd_data
Γ£ô VMDSkeletonModifier3D.creation
Γ£ô VMDSkeletonModifier3D.set_motion
Γ£ô VMDSkeletonModifier3D.set_frame
Γ£ô VMDSkeletonModifier3D.max_frame
Γ£ô Integration.full_pipeline
Γ£ô VMDReader.invalid_file
Γ£ô PoseApplier.invalid_bone_index
Γ£ô Motion.empty_data

Passed: 20/20 tests
≡ƒÄë All tests passed!

Auto-quitting after test completion...

============================================================
VMD MOTION SYSTEM UNIT TESTS
============================================================
Running comprehensive tests for VMD animation components...
Test scene: VMDTestRunner.tscn
Time:2025-09-20T18:58:55


--- Testing VMDReader ---
Γ£ô VMDReader tests completed

--- Testing PoseApplier ---
Γ£ô PoseApplier tests completed

--- Testing Motion Class ---
SCRIPT ERROR: Invalid access to property or key 'X' on a base object of type 'Nil'.
   at: BoneCurve.sample (res://addons/vmd_motion/common/Motion.gd:38)
   GDScript backtrace (most recent call first):
       [0] sample (res://addons/vmd_motion/common/Motion.gd:38)
       [1] test_motion_class (res://addons/vmd_motion/test/VMDTests.gd:157)
       [2] run_all_tests (res://addons/vmd_motion/test/VMDTests.gd:41)
       [3] _ready (res://addons/vmd_motion/test/VMDTests.gd:29)
SCRIPT ERROR: Assertion failed: Should sample head bone at frame 0
   at: test_motion_class (res://addons/vmd_motion/test/VMDTests.gd:158)
   GDScript backtrace (most recent call first):
       [0] test_motion_class (res://addons/vmd_motion/test/VMDTests.gd:158)
       [1] run_all_tests (res://addons/vmd_motion/test/VMDTests.gd:41)
       [2] _ready (res://addons/vmd_motion/test/VMDTests.gd:29)

--- Testing VMDSkeleton ---
ERROR: Error constructing a GDScriptInstance: 'RefCounted(Skeleton.gd)::_init': 
Cannot convert argument 1 from Object to Object
   at: _create_instance (modules/gdscript/gdscript.cpp:201)
   GDScript backtrace (most recent call first):
       [0] test_vmd_skeleton (res://addons/vmd_motion/test/VMDTests.gd:183)
       [1] run_all_tests (res://addons/vmd_motion/test/VMDTests.gd:42)
       [2] _ready (res://addons/vmd_motion/test/VMDTests.gd:29)
SCRIPT ERROR: Invalid type in function 'new' in base 'GDScript'. The Object-derived 
class of argument 1 (Node3D) is not a subclass of the expected argument class.
   at: test_vmd_skeleton (res://addons/vmd_motion/test/VMDTests.gd:183)
   GDScript backtrace (most recent call first):
       [0] test_vmd_skeleton (res://addons/vmd_motion/test/VMDTests.gd:183)
       [1] run_all_tests (res://addons/vmd_motion/test/VMDTests.gd:42)
       [2] _ready (res://addons/vmd_motion/test/VMDTests.gd:29)

--- Testing VMDSkeletonModifier3D ---
DEBUG: Head bone found in VMD with 1 keyframes

=== VMD Animation Data Summary ===
Total frames: 0
Bones with animation data:
  - Θá¡ (1 keyframes)
===================================

Γ£ô VMDSkeletonModifier3D tests completed

--- Testing Full Integration ---
ERROR: Can't add child 'GeneralSkeleton' to '', already has a parent ''.
   at: add_child (scene/main/node.cpp:1685)
   GDScript backtrace (most recent call first):
       [0] test_integration (res://addons/vmd_motion/test/VMDTests.gd:260)
       [1] run_all_tests (res://addons/vmd_motion/test/VMDTests.gd:44)
       [2] _ready (res://addons/vmd_motion/test/VMDTests.gd:29)
DEBUG: Head bone found in VMD with 1 keyframes

=== VMD Animation Data Summary ===
Total frames: 0
Bones with animation data:
  - Θá¡ (1 keyframes)
===================================

Γ£ô Integration tests completed

--- Testing Error Handling ---
ERROR: Failed to open VMD file: nonexistent.vmd
   at: push_error (core/variant/variant_utility.cpp:1024)
   GDScript backtrace (most recent call first):
       [0] load_file (res://addons/vmd_motion/common/VMDReader.gd:9)
       [1] test_error_handling (res://addons/vmd_motion/test/VMDTests.gd:284)
       [2] run_all_tests (res://addons/vmd_motion/test/VMDTests.gd:45)
       [3] _ready (res://addons/vmd_motion/test/VMDTests.gd:29)
ERROR: Invalid bone index: 999
   at: push_error (core/variant/variant_utility.cpp:1024)
   GDScript backtrace (most recent call first):
       [0] apply_bone_pose (res://addons/vmd_motion/common/PoseApplier.gd:8)
       [1] test_error_handling (res://addons/vmd_motion/test/VMDTests.gd:290)
       [2] run_all_tests (res://addons/vmd_motion/test/VMDTests.gd:45)
       [3] _ready (res://addons/vmd_motion/test/VMDTests.gd:29)
Γ£ô Error handling tests completed

==================================================
TEST SUMMARY
==================================================
Γ£ô VMDReader.create_test_data
Γ£ô VMDReader.test_data_has_keyframes
Γ£ô VMDReader.head_keyframe_name
Γ£ô VMDReader.find_head_keyframes
Γ£ô VMDReader.max_frame_calculation
Γ£ô PoseApplier.create_test_skeleton
Γ£ô PoseApplier.apply_position
Γ£ô PoseApplier.apply_rotation
Γ£ô PoseApplier.validate_pose
Γ£ô PoseApplier.reset_pose
Γ£ô Motion.creation
Γ£ô Motion.load_from_vmd_data
Γ£ô VMDSkeletonModifier3D.creation
Γ£ô VMDSkeletonModifier3D.set_motion
Γ£ô VMDSkeletonModifier3D.set_frame
Γ£ô VMDSkeletonModifier3D.max_frame
Γ£ô Integration.full_pipeline
Γ£ô VMDReader.invalid_file
Γ£ô PoseApplier.invalid_bone_index
Γ£ô Motion.empty_data

Passed: 20/20 tests
≡ƒÄë All tests passed!

Auto-quitting after test completion...
WARNING: ObjectDB instances leaked at exit (run with --verbose for details).
   at: cleanup (core/object/object.cpp:2514)
ERROR: 2 resources still in use at exit (run with --verbose for details).
   at: clear (core/io/resource.cpp:795)
ERROR: Pages in use exist at exit in PagedAllocator: N7Variant5Pools12BucketMediumE
   at: ~PagedAllocator (./core/templates/paged_allocator.h:169)
